<html>
<body>
<pre>
<h1>µVision Build Log</h1>
<h2>Tool Versions:</h2>
IDE-Version: ¦ÌVision V5.41.0.0
Copyright (C) 2024 ARM Ltd and ARM Germany GmbH. All rights reserved.
License Information: 1 3276272583@qq.com, 11, LIC=FYKYW-QNFD7-QDZKD-8HTTW-B7KGR-03RXA
 
Tool Versions:
Toolchain:       MDK-ARM Plus  Version: 5.41.0.0
Toolchain Path:  D:\keil5\ARM\ARMCOMPLIER506\Bin
C Compiler:      Armcc.exe V5.06 update 7 (build 960)
Assembler:       Armasm.exe V5.06 update 7 (build 960)
Linker/Locator:  ArmLink.exe V5.06 update 7 (build 960)
Library Manager: ArmAr.exe V5.06 update 7 (build 960)
Hex Converter:   FromElf.exe V5.06 update 7 (build 960)
CPU DLL:         SARMCM3.DLL V5.41.0.0
Dialog DLL:      DCM.DLL V1.17.5.0
Target DLL:      STLink\ST-LINKIII-KEIL_SWO.dll V3.3.0.0
Dialog DLL:      TCM.DLL V1.56.4.0
 
<h2>Project:</h2>
C:\Users\32762\Desktop\RM-2026-Gimbal\MDK-ARM\can.uvprojx
Project File Date:  02/06/2026

<h2>Output:</h2>
*** Using Compiler 'V5.06 update 7 (build 960)', folder: 'D:\keil5\ARM\ARMCOMPLIER506\Bin'
Rebuild target 'can'
assembling startup_stm32f407xx.s...
compiling gpio.c...
compiling stm32f4xx_hal_rcc_ex.c...
compiling stm32f4xx_it.c...
compiling can.c...
compiling stm32f4xx_hal_can.c...
compiling stm32f4xx_hal_flash_ramfunc.c...
compiling iwdg.c...
compiling tim.c...
compiling usart.c...
compiling main.c...
compiling dma.c...
compiling stm32f4xx_hal_flash_ex.c...
compiling stm32f4xx_hal_msp.c...
compiling system_stm32f4xx.c...
compiling stm32f4xx_hal_flash.c...
compiling stm32f4xx_hal_rcc.c...
compiling PID.c...
compiling stm32f4xx_hal_cortex.c...
compiling stm32f4xx_hal_tim_ex.c...
compiling Gimbal_Pitch.c...
compiling stm32f4xx_hal_dma.c...
compiling Gimbal_Shoot.c...
compiling stm32f4xx_hal_uart.c...
compiling stm32f4xx_hal_iwdg.c...
compiling stm32f4xx_hal.c...
compiling stm32f4xx_hal_pwr_ex.c...
compiling stm32f4xx_hal_pwr.c...
compiling Gimbal_Trigger.c...
compiling stm32f4xx_hal_dma_ex.c...
compiling stm32f4xx_hal_gpio.c...
compiling stm32f4xx_hal_tim.c...
compiling stm32f4xx_hal_exti.c...
compiling Gimbal_Yaw_Small.c...
compiling bsp_can.c...
..\A-Driver\bsp_can.c(63): warning:  #188-D: enumerated type mixed with another type
  							CAN1_M3508_DataProcess(0x201,rx_data);break;
..\A-Driver\bsp_can.c(65): warning:  #188-D: enumerated type mixed with another type
  							CAN1_M3508_DataProcess(0x202,rx_data);break;
..\A-Driver\bsp_can.c(73): warning:  #188-D: enumerated type mixed with another type
  							CAN1_M6020_DataProcess(0x206,rx_data);break;
..\A-Driver\bsp_can.c(75): warning:  #188-D: enumerated type mixed with another type
  							CAN1_M2006_DataProcess(0x207,rx_data);break;
..\A-Driver\bsp_can.c(97): warning:  #188-D: enumerated type mixed with another type
  							CAN2_M6020_DataProcess(0x205,rx_data);break;
..\A-Driver\bsp_can.c(99): warning:  #188-D: enumerated type mixed with another type
  							CAN2_M6020_DataProcess(0x206,rx_data);break;
..\A-Driver\bsp_can.c: 6 warnings, 0 errors
compiling CtoC.c...
..\A-DEvice\CtoC.c(25): warning:  #940-D: missing return statement at end of non-void function "CToC_MasterSendData" 
  }
..\A-DEvice\CtoC.c: 1 warning, 0 errors
compiling Gimbal_to_Chassis.c...
compiling Gimbal_Yaw_Big.c...
compiling Motor.c...
compiling Remote.c...
compiling bsp_usart.c...
linking...
Program Size: Code=18202 RO-data=458 RW-data=36 ZI-data=5716  
"can\can.axf" - 0 Error(s), 7 Warning(s).

<h2>Software Packages used:</h2>

Package Vendor: ARM
                https://www.keil.com/pack/ARM.CMSIS.6.1.0.pack
                ARM::CMSIS@6.1.0
                CMSIS (Common Microcontroller Software Interface Standard)
   * Component: CORE Version: 6.1.0

Package Vendor: Keil
                https://www.keil.com/pack/Keil.STM32F4xx_DFP.3.0.0.pack
                Keil::STM32F4xx_DFP@3.0.0
                STMicroelectronics STM32F4 Series Device Support

<h2>Collection of Component include folders:</h2>
  ./RTE/_can
  D:/keil5/ARM/pack/ARM/CMSIS/6.1.0/CMSIS/Core/Include

<h2>Collection of Component Files used:</h2>

   * Component: ARM::CMSIS:CORE@6.1.0
Build Time Elapsed:  00:00:22
</pre>
</body>
</html>
