<html>
<body>
<pre>
<h1>µVision Build Log</h1>
<h2>Tool Versions:</h2>
IDE-Version: ¦ÌVision V5.41.0.0
Copyright (C) 2024 ARM Ltd and ARM Germany GmbH. All rights reserved.
License Information: 1 3276272583@qq.com, 11, LIC=FYKYW-QNFD7-QDZKD-8HTTW-B7KGR-03RXA
 
Tool Versions:
Toolchain:       MDK-ARM Plus  Version: 5.41.0.0
Toolchain Path:  D:\keil5\ARM\ARMCOMPLIER506\Bin
C Compiler:      Armcc.exe V5.06 update 7 (build 960)
Assembler:       Armasm.exe V5.06 update 7 (build 960)
Linker/Locator:  ArmLink.exe V5.06 update 7 (build 960)
Library Manager: ArmAr.exe V5.06 update 7 (build 960)
Hex Converter:   FromElf.exe V5.06 update 7 (build 960)
CPU DLL:         SARMCM3.DLL V5.41.0.0
Dialog DLL:      DCM.DLL V1.17.5.0
Target DLL:      STLink\ST-LINKIII-KEIL_SWO.dll V3.3.0.0
Dialog DLL:      TCM.DLL V1.56.4.0
 
<h2>Project:</h2>
c:\Users\32762\Desktop\14.CAN\MDK-ARM\can.uvprojx
Project File Date:  01/19/2026

<h2>Output:</h2>
*** Using Compiler 'V5.06 update 7 (build 960)', folder: 'D:\keil5\ARM\ARMCOMPLIER506\Bin'
Build target 'can'
compiling main.c...
../Src/main.c(117): warning:  #223-D: function "usart1_tx_dma_init" declared implicitly
    usart1_tx_dma_init();
../Src/main.c(126): warning:  #223-D: function "UART2_SendNumber" declared implicitly
  		UART2_SendNumber(local_rc_ctrl->rc.ch[0]+1024,4);
../Src/main.c(127): warning:  #223-D: function "UART2_SendByte" declared implicitly
  		UART2_SendByte(',');
../Src/main.c: 3 warnings, 0 errors
compiling remote_control.c...
..\application\remote_control.c(42): warning:  #223-D: function "Remote_DMA_init" declared implicitly
      Remote_DMA_init(sbus_rx_buf[0], sbus_rx_buf[1], SBUS_RX_BUF_NUM);
..\application\remote_control.c: 1 warning, 0 errors
compiling bsp_can.c...
compiling bsp_usart.c...
linking...
Program Size: Code=13154 RO-data=458 RW-data=48 ZI-data=2336  
"can\can.axf" - 0 Error(s), 4 Warning(s).

<h2>Software Packages used:</h2>

Package Vendor: ARM
                https://www.keil.com/pack/ARM.CMSIS.6.1.0.pack
                ARM::CMSIS@6.1.0
                CMSIS (Common Microcontroller Software Interface Standard)
   * Component: CORE Version: 6.1.0

Package Vendor: Keil
                https://www.keil.com/pack/Keil.STM32F4xx_DFP.3.0.0.pack
                Keil::STM32F4xx_DFP@3.0.0
                STMicroelectronics STM32F4 Series Device Support

<h2>Collection of Component include folders:</h2>
  ./RTE/_can
  D:/keil5/ARM/pack/ARM/CMSIS/6.1.0/CMSIS/Core/Include

<h2>Collection of Component Files used:</h2>

   * Component: ARM::CMSIS:CORE@6.1.0
Build Time Elapsed:  00:00:04
</pre>
</body>
</html>
